MPASM 03.90 Released                            PRáCTICA4.ASM   12-6-2007  15:53:41         PAGE  1


LOC  OBJECT CODE     LINE SOURCE TEXT
  VALUE

                      00001 ;PRÁCTICA DEMOSTRATIVA MÓDULO CCP en Modo PWM
                      00002 
                      00003                 list p=16f871
                      00004                 #include "p16f871.inc"
                      00001         LIST
                      00002 ; P16F871.INC  Standard Header File, Version 1.00    Microchip Technology, Inc.
                      00306         LIST
                      00005 
                      00006 ;-------------------------------------------------------------------------------------------------------
                            ------------------------
                      00007 ;aquí comienza la zona de declaración de variables, constantes, etc. Esta zona es
                      00008 ;opcional. En un programa se puede trabajar directamente con las direcciones en
                      00009 ;formato numérico.
                      00010 ;-------------------------------------------------------------------------------------------------------
                            ------------------------
                      00011 
  00000021            00012 M               = 0x21          
  00000022            00013 N               = 0x22          ;M y N son factores de multiplicación de tiempo
                      00014                                         ;para lograr demoras grandes a partir de una de_
                      00015                                         ;mora general (subrutina demora)
                      00016 
  00000023            00017 cont1           = 0x23          ;cont (1,2 y 3) son registros de la RAM que se utiliza
                      00018                                 ;rán como contadores en la subrutina de demora
  00000024            00019 cont2           = 0x24
  00000025            00020 cont3           = 0x25
                      00021 
                      00022 
0000                  00023                 org 0
0000   2801           00024                 goto inicio
                      00025 
                      00026 ;-------------------------------------------------------------------------------------------------------
                            -----------------------------------------
                      00027 ;Zona de configuración de registros. Esta zona la ocupan un conjunto de instrucciones que preparan
                      00028 ; al microcontrolador para el trabajo.
                      00029 ;-------------------------------------------------------------------------------------------------------
                            -------------------------------------------
0001   1683           00030 inicio          bsf     STATUS,5                ;cambia al banco 1 de la RAM
                      00031                 
                      00032         
0002   1107           00033                 bcf 7,2                         ;salida PWM
                      00034 
                      00035                 ;---------------------------------------------------------------------------------------
                            ------------------------
                      00036                 ;habilita pull ups del puerto B (internos)
Message[302]: Register in operand not in bank 0.  Ensure that bank bits are correct.
0003   1381           00037                 bcf OPTION_REG,7
                      00038                 ;---------------------------------------------------------------------------------------
                            ------------------------
                      00039                 ;Carga Valor del registro PR2 (define frecuencia)
0004   30FA           00040                 movlw d'250'
Message[302]: Register in operand not in bank 0.  Ensure that bank bits are correct.
0005   0092           00041                 movwf PR2
                      00042                 ;---------------------------------------------------------------------------------------
MPASM 03.90 Released                            PRáCTICA4.ASM   12-6-2007  15:53:41         PAGE  2


LOC  OBJECT CODE     LINE SOURCE TEXT
  VALUE

                            ------------------------
0006   1283           00043                 bcf 3,5         ;banco 0
                      00044                 ;---------------------------------------------------------------------------------------
                            ------------------------
                      00045                 ;configura TMR2
0007   3003           00046                 movlw b'00000011'               ;prescaler / 16, OFF
0008   0092           00047                 movwf T2CON
                      00048                 ;---------------------------------------------------------------------------------------
                            ------------------------
                      00049                 ;configura Módulo CCP en Modo PWM
0009   300F           00050                 movlw 0x0f
000A   0097           00051                 movwf   CCP1CON         ;modo PWM
                      00052 
                      00053 ;-------------------------------------------------------------------------------------------------------
                            ----------------------------------
                      00054 ;Zona del programa principal. El programa principal rige el funcionamiento de una apli_
                      00055 ;cación de control en particular.
                      00056 ;-------------------------------------------------------------------------------------------------------
                            ------------------------------------
                      00057                                 
                      00058                 ;Inicio Programa Principal
                      00059 
000B   307F           00060                 movlw 0x7f
000C   0095           00061                 movwf CCPR1L    ;Ciclo Útil Inicial
                      00062 
                      00063                 ;---------------------------------------------------------------------------------------
                            ------------------------
                      00064                 ;enciende timer 2
000D   1512           00065                 bsf     T2CON,2 ;enc TMR2
                      00066                 ;---------------------------------------------------------------------------------------
                            ------------------------
000E   1C06           00067 demo            btfss 6,0
000F   2818           00068                 goto UP_CU
0010   1886           00069                 btfsc 6,1
0011   280E           00070                 goto demo
                      00071                 ;bajar CU
0012   0815           00072                 movf CCPR1L,w
0013   1903           00073                 btfsc 3,2
0014   280E           00074                 goto demo
                      00075                 ;CCPR1L > 0 disminuye CU
Message[305]: Using default destination of 1 (file).
0015   0395           00076                 decf CCPR1L
0016   201F           00077                 call dem_150ms
0017   280E           00078                 goto    demo                    ;retorna a realizar nuevamente el ciclo
0018                  00079 UP_CU           ;subir CU
0018   0815           00080                 movf CCPR1L,w
0019   3CFF           00081                 sublw 0xff
001A   1903           00082                 btfsc 3,2
001B   280E           00083                 goto demo
                      00084                 ;CU < FF, aumentar
Message[305]: Using default destination of 1 (file).
001C   0A95           00085                 incf CCPR1L
001D   201F           00086                 call dem_150ms
MPASM 03.90 Released                            PRáCTICA4.ASM   12-6-2007  15:53:41         PAGE  3


LOC  OBJECT CODE     LINE SOURCE TEXT
  VALUE

001E   280E           00087                 goto demo
                      00088 
                      00089 ;-------------------------------------------------------------------------------------------------------
                            ------------------------
                      00090 ;zona de subrutinas.
                      00091 ;-------------------------------------------------------------------------------------------------------
                            ------------------------                                
                      00092 ;==========================================================================
                      00093 ;subrutinas de DEMORA 
                      00094 ;==========================================================================
                      00095 ;--------------------------------------------------
                      00096 ;DEMORA DE 150ms
                      00097 ;--------------------------------------------------     
                      00098 
001F   301E           00099 dem_150ms       movlw d'30'
0020   00A2           00100                 movwf N                 ;parámetro a cargar en contadores
0021   3026           00101                 movlw d'38'
0022   00A1           00102                 movwf M                 ;parámetro a cargar en contadores
0023   2025           00103                 call demora                     ;demora de 150 mseg.
0024   0008           00104                 return
                      00105 
                      00106 ;-----------------------------------------------------------------------------
                      00107 ;DEMORA PARAMÉTRICA DE TIEMPOS (GENERAL)
                      00108 ;-----------------------------------------------------------------------------
                      00109 
0025                  00110 demora  ;return
0025   0822           00111                 movf N,w
0026   00A3           00112                 movwf cont1
0027   00A4           00113                 movwf cont2
0028   0821           00114                 movf M,w
0029   00A5           00115                 movwf cont3
Message[305]: Using default destination of 1 (file).
002A   0BA3           00116 loop            decfsz cont1
002B   282A           00117                 goto loop
002C   0822           00118                 movf N,w
002D   00A3           00119                 movwf cont1
Message[305]: Using default destination of 1 (file).
002E   0BA4           00120                 decfsz cont2
002F   282A           00121                 goto loop
0030   0822           00122                 movf N,w
0031   00A4           00123                 movwf cont2
Message[305]: Using default destination of 1 (file).
0032   0BA5           00124                 decfsz cont3
0033   282A           00125                 goto loop
                      00126                 ;fin del proceso, inicia contadores
0034   0008           00127                 return
                      00128 
                      00129                 end
MPASM 03.90 Released                            PRáCTICA4.ASM   12-6-2007  15:53:41         PAGE  4


SYMBOL TABLE
  LABEL                             VALUE 

ADCON0                            0000001F
ADCON1                            0000009F
ADCS0                             00000006
ADCS1                             00000007
ADDEN                             00000003
ADFM                              00000007
ADIE                              00000006
ADIF                              00000006
ADON                              00000000
ADRESH                            0000001E
ADRESL                            0000009E
BRGH                              00000002
C                                 00000000
CCP1CON                           00000017
CCP1IE                            00000002
CCP1IF                            00000002
CCP1M0                            00000000
CCP1M1                            00000001
CCP1M2                            00000002
CCP1M3                            00000003
CCP1X                             00000005
CCP1Y                             00000004
CCPR1H                            00000016
CCPR1L                            00000015
CHS0                              00000003
CHS1                              00000004
CHS2                              00000005
CREN                              00000004
CSRC                              00000007
DC                                00000001
EEADR                             0000010D
EEADRH                            0000010F
EECON1                            0000018C
EECON2                            0000018D
EEDATA                            0000010C
EEDATH                            0000010E
EEIE                              00000004
EEIF                              00000004
EEPGD                             00000007
F                                 00000001
FERR                              00000002
FSR                               00000004
GIE                               00000007
GO                                00000002
GO_DONE                           00000002
IBF                               00000007
IBOV                              00000005
INDF                              00000000
INTCON                            0000000B
INTE                              00000004
INTEDG                            00000006
INTF                              00000001
IRP                               00000007
MPASM 03.90 Released                            PRáCTICA4.ASM   12-6-2007  15:53:41         PAGE  5


SYMBOL TABLE
  LABEL                             VALUE 

M                                 00000021
N                                 00000022
NOT_BO                            00000000
NOT_BOR                           00000000
NOT_DONE                          00000002
NOT_PD                            00000003
NOT_POR                           00000001
NOT_RBPU                          00000007
NOT_RC8                           00000006
NOT_T1SYNC                        00000002
NOT_TO                            00000004
NOT_TX8                           00000006
OBF                               00000006
OERR                              00000001
OPTION_REG                        00000081
PCFG0                             00000000
PCFG1                             00000001
PCFG2                             00000002
PCFG3                             00000003
PCL                               00000002
PCLATH                            0000000A
PCON                              0000008E
PEIE                              00000006
PIE1                              0000008C
PIE2                              0000008D
PIR1                              0000000C
PIR2                              0000000D
PORTA                             00000005
PORTB                             00000006
PORTC                             00000007
PORTD                             00000008
PORTE                             00000009
PR2                               00000092
PS0                               00000000
PS1                               00000001
PS2                               00000002
PSA                               00000003
PSPIE                             00000007
PSPIF                             00000007
PSPMODE                           00000004
RBIE                              00000003
RBIF                              00000000
RC8_9                             00000006
RC9                               00000006
RCD8                              00000000
RCIE                              00000005
RCIF                              00000005
RCREG                             0000001A
RCSTA                             00000018
RD                                00000000
RP0                               00000005
RP1                               00000006
RX9                               00000006
MPASM 03.90 Released                            PRáCTICA4.ASM   12-6-2007  15:53:41         PAGE  6


SYMBOL TABLE
  LABEL                             VALUE 

RX9D                              00000000
SPBRG                             00000099
SPEN                              00000007
SREN                              00000005
STATUS                            00000003
SYNC                              00000004
T0CS                              00000005
T0IE                              00000005
T0IF                              00000002
T0SE                              00000004
T1CKPS0                           00000004
T1CKPS1                           00000005
T1CON                             00000010
T1INSYNC                          00000002
T1OSCEN                           00000003
T1SYNC                            00000002
T2CKPS0                           00000000
T2CKPS1                           00000001
T2CON                             00000012
TMR0                              00000001
TMR1CS                            00000001
TMR1H                             0000000F
TMR1IE                            00000000
TMR1IF                            00000000
TMR1L                             0000000E
TMR1ON                            00000000
TMR2                              00000011
TMR2IE                            00000001
TMR2IF                            00000001
TMR2ON                            00000002
TOUTPS0                           00000003
TOUTPS1                           00000004
TOUTPS2                           00000005
TOUTPS3                           00000006
TRISA                             00000085
TRISB                             00000086
TRISC                             00000087
TRISD                             00000088
TRISE                             00000089
TRISE0                            00000000
TRISE1                            00000001
TRISE2                            00000002
TRMT                              00000001
TX8_9                             00000006
TX9                               00000006
TX9D                              00000000
TXD8                              00000000
TXEN                              00000005
TXIE                              00000004
TXIF                              00000004
TXREG                             00000019
TXSTA                             00000098
UP_CU                             00000018
MPASM 03.90 Released                            PRáCTICA4.ASM   12-6-2007  15:53:41         PAGE  7


SYMBOL TABLE
  LABEL                             VALUE 

W                                 00000000
WR                                00000001
WREN                              00000002
WRERR                             00000003
Z                                 00000002
_BODEN_OFF                        00003FBF
_BODEN_ON                         00003FFF
_CPD_OFF                          00003FFF
_CPD_ON                           00003EFF
_CP_ALL                           00000FCF
_CP_OFF                           00003FFF
_DEBUG_OFF                        00003FFF
_DEBUG_ON                         000037FF
_HS_OSC                           00003FFE
_LP_OSC                           00003FFC
_LVP_OFF                          00003F7F
_LVP_ON                           00003FFF
_PWRTE_OFF                        00003FFF
_PWRTE_ON                         00003FF7
_RC_OSC                           00003FFF
_WDT_OFF                          00003FFB
_WDT_ON                           00003FFF
_WRT_ENABLE_OFF                   00003DFF
_WRT_ENABLE_ON                    00003FFF
_XT_OSC                           00003FFD
__16F871                          00000001
cont1                             00000023
cont2                             00000024
cont3                             00000025
dem_150ms                         0000001F
demo                              0000000E
demora                            00000025
inicio                            00000001
loop                              0000002A


MEMORY USAGE MAP ('X' = Used,  '-' = Unused)

0000 : XXXXXXXXXXXXXXXX XXXXXXXXXXXXXXXX XXXXXXXXXXXXXXXX XXXXX-----------

All other memory blocks unused.

Program Memory Words Used:    53
Program Memory Words Free:  1995


Errors   :     0
Warnings :     0 reported,     0 suppressed
Messages :     7 reported,     0 suppressed

